Command: /home/tomibuntu03/.espressif/python_env/idf6.0_py3.12_env/bin/python /home/tomibuntu03/esp/esp-idf/tools/idf_monitor.py -p /dev/ttyUSB0 -b 115200 --toolchain-prefix riscv32-esp-elf- --target esp32c3 --revision 3 --decode-panic backtrace /home/tomibuntu03/esp/Sistemas_Digitales_II/blink_min/build/blink_min.elf /home/tomibuntu03/esp/Sistemas_Digitales_II/blink_min/build/bootloader/bootloader.elf -m '/home/tomibuntu03/.espressif/python_env/idf6.0_py3.12_env/bin/python' '/home/tomibuntu03/esp/esp-idf/tools/idf.py' '-p' '/dev/ttyUSB0'
ï¿½Sï¿½Bï¿½ï¿½ï¿½Zï¿½	ï¿½: Retention RAM
[0;32mI (220) heap_init: At ï¿½ESP-ROM:esp32c3-api1-20210207[0m
Build:Feb  7 2021
rst:0x1 (POWERON),boot:0xc (SPI_FAST_FLASH_BOOT)
SPIWP:0xee
mode:DIO, clock div:1
load:0x3fcd5820,len:0x15c4
load:0x403cbf10,len:0xc64
load:0x403ce710,len:0x2fcc
entry 0x403cbf1a
[0;32mI (30) boot: ESP-IDF v6.0-dev-2039-g2044fba6e7-dirty 2nd stage bootloader[0m
[0;32mI (30) boot: compile time Sep 26 2025 00:05:52[0m
[0;32mI (30) boot: chip revision: v0.3[0m
[0;32mI (32) boot: efuse block revision: v1.2[0m
[0;32mI (36) boot.esp32c3: SPI Speed      : 80MHz[0m
[0;32mI (40) boot.esp32c3: SPI Mode       : DIO[0m
[0;32mI (44) boot.esp32c3: SPI Flash Size : 2MB[0m
[0;32mI (47) boot: Enabling RNG early entropy source...[0m
[0;32mI (52) boot: Partition Table:[0m
[0;32mI (54) boot: ## Label            Usage          Type ST Offset   Length[0m
[0;32mI (61) boot:  0 nvs              WiFi data        01 02 00009000 00006000[0m
[0;32mI (67) boot:  1 phy_init         RF data          01 01 0000f000 00001000[0m
[0;32mI (74) boot:  2 factory          factory app      00 00 00010000 00100000[0m
[0;32mI (80) boot: End of partition table[0m
[0;32mI (84) esp_image: segment 0: paddr=00010020 vaddr=3c020020 size=08b28h ( 35624) map[0m
[0;32mI (97) esp_image: segment 1: paddr=00018b50 vaddr=3fc89e00 size=01588h (  5512) load[0m
[0;32mI (99) esp_image: segment 2: paddr=0001a0e0 vaddr=40380000 size=05f38h ( 24376) load[0m
[0;32mI (110) esp_image: segment 3: paddr=00020020 vaddr=42000020 size=15b7ch ( 88956) map[0m
[0;32mI (128) esp_image: segment 4: paddr=00035ba4 vaddr=40385f38 size=03e78h ( 15992) load[0m
[0;32mI (131) esp_image: segment 5: paddr=00039a24 vaddr=50000000 size=00020h (    32) load[0m
[0;32mI (135) boot: Loaded app from partition at offset 0x10000[0m
[0;32mI (137) boot: Disabling RNG early entropy source...[0m
[0;32mI (153) cpu_start: Unicore app[0m
[0;32mI (162) cpu_start: GPIO 20 and 21 are used as console UART I/O pins[0m
[0;32mI (162) cpu_start: Pro cpu start user code[0m
[0;32mI (162) cpu_start: cpu freq: 160000000 Hz[0m
[0;32mI (164) app_init: Application information:[0m
[0;32mI (168) app_init: Project name:     blink_min[0m
[0;32mI (172) app_init: App version:      8a61488[0m
[0;32mI (176) app_init: Compile time:     Sep 26 2025 00:06:49[0m
[0;32mI (181) app_init: ELF file SHA256:  88c3bf848...[0m
[0;32mI (185) app_init: ESP-IDF:          v6.0-dev-2039-g2044fba6e7-dirty[0m
[0;32mI (191) efuse_init: Min chip rev:     v0.3[0m
[0;32mI (195) efuse_init: Max chip rev:     v1.99 [0m
[0;32mI (199) efuse_init: Chip rev:         v0.3[0m
[0;32mI (203) heap_init: Initializing. RAM available for dynamic allocation:[0m
[0;32mI (209) heap_init: At 3FC8C250 len 00033DB0 (207 KiB): RAM[0m
[0;32mI (214) heap_init: At 3FCC0000 len 0001C710 (113 KiB): Retention RAM[0m
[0;32mI (220) heap_init: At 3FCDC710 len 00002950 (10 KiB): Retention RAM[0m
[0;32mI (226) heap_init: At 50000020 len 00001FC8 (7 KiB): RTCRAM[0m
[0;32mI (233) spi_flash: detected chip: generic[0m
[0;32mI (235) spi_flash: flash io: dio[0m
[0;33mW (238) spi_flash: Detected size(4096k) larger than the size in the binary image header(2048k). Using the size in the binary image header.[0m
[0;32mI (251) sleep_gpio: Configure to isolate all GPIO pins in sleep state[0m
[0;32mI (257) sleep_gpio: Enable automatic switching of GPIO sleep configuration[0m
[0;32mI (264) main_task: Started on CPU0[0m
[0;32mI (274) main_task: Calling app_main()[0m
